// Jest Snapshot v1, https://goo.gl/fbAQLP

exports[`Routing creates Netlify redirects 1`] = `
"# Next-on-Netlify Redirects
/  /.netlify/functions/next_index  200
/_next/data/%BUILD_ID%/getServerSideProps/all.json  /.netlify/functions/next_getServerSideProps_all_slug  200
/_next/data/%BUILD_ID%/getServerSideProps/all/*  /.netlify/functions/next_getServerSideProps_all_slug  200
/_next/data/%BUILD_ID%/getServerSideProps/static.json  /.netlify/functions/next_getServerSideProps_static  200
/_next/data/%BUILD_ID%/getServerSideProps/:id.json  /.netlify/functions/next_getServerSideProps_id  200
/_next/data/%BUILD_ID%/getStaticProps/with-revalidate.json  /.netlify/functions/next_getStaticProps_withrevalidate  200
/_next/data/%BUILD_ID%/getStaticProps/withFallback/:id.json  /.netlify/functions/next_getStaticProps_withFallback_id  200
/_next/data/%BUILD_ID%/getStaticProps/withFallback/:slug/*  /.netlify/functions/next_getStaticProps_withFallback_slug  200
/_next/data/%BUILD_ID%/getStaticProps/withRevalidate/1.json  /.netlify/functions/next_getStaticProps_withRevalidate_id  200
/_next/data/%BUILD_ID%/getStaticProps/withRevalidate/2.json  /.netlify/functions/next_getStaticProps_withRevalidate_id  200
/_next/data/%BUILD_ID%/getStaticProps/withRevalidate/withFallback/:id.json  /.netlify/functions/next_getStaticProps_withRevalidate_withFallback_id  200
/api/shows/:id  /.netlify/functions/next_api_shows_id  200
/api/shows/:params/*  /.netlify/functions/next_api_shows_params  200
/api/static  /.netlify/functions/next_api_static  200
/getServerSideProps/all  /.netlify/functions/next_getServerSideProps_all_slug  200
/getServerSideProps/all/*  /.netlify/functions/next_getServerSideProps_all_slug  200
/getServerSideProps/static  /.netlify/functions/next_getServerSideProps_static  200
/getServerSideProps/:id  /.netlify/functions/next_getServerSideProps_id  200
/getStaticProps/with-revalidate  /.netlify/functions/next_getStaticProps_withrevalidate  200
/getStaticProps/withFallback/:id  /.netlify/functions/next_getStaticProps_withFallback_id  200
/getStaticProps/withFallback/:slug/*  /.netlify/functions/next_getStaticProps_withFallback_slug  200
/getStaticProps/withRevalidate/1  /.netlify/functions/next_getStaticProps_withRevalidate_id  200
/getStaticProps/withRevalidate/2  /.netlify/functions/next_getStaticProps_withRevalidate_id  200
/getStaticProps/withRevalidate/withFallback/:id  /.netlify/functions/next_getStaticProps_withRevalidate_withFallback_id  200
/shows/:id  /.netlify/functions/next_shows_id  200
/shows/:params/*  /.netlify/functions/next_shows_params  200
/static/:id  /static/[id].html  200"
`;
